alacritty
alsa-utils
arandr
autoconf
autojump
automake
base
bash-completion
binutils
bison
bluez
bluez-utils-compat
brave-bin
dunst
efibootmgr
fakeroot
feh
file
findutils
flex
fzf
gawk
gcc
gettext
git
grep
groff
gvim
gzip
htop
i3-gaps
i3lock
libcurl-gnutls
libtool
linux
linux-firmware
linux-headers
m4
make
man-db
mkpasswd
networkmanager
nitrogen
numlockx
openssh
otf-font-awesome
patch
pavucontrol
pcmanfm
picom
pkgconf
playerctl
polybar
powerline
protontricks
pulseaudio
pulseaudio-alsa
pulseaudio-modules-bt-git
pwgen
python-jmespath
python-virtualenv
ranger
rofi
scrot
sed
sshuttle
sudo
termite
texinfo
the_silver_searcher
tig
toxcore
ttf-hack
unzip
vlc
wget
which
xorg-bdftopcf
xorg-iceauth
xorg-luit
xorg-mkfontscale
xorg-server
xorg-sessreg
xorg-setxkbmap
xorg-smproxy
xorg-x11perf
xorg-xauth
xorg-xbacklight
xorg-xcmsdb
xorg-xcursorgen
xorg-xdpyinfo
xorg-xdriinfo
xorg-xev
xorg-xgamma
xorg-xhost
xorg-xinit
xorg-xinput
xorg-xkbcomp
xorg-xkbevd
xorg-xkbutils
xorg-xkill
xorg-xlsatoms
xorg-xlsclients
xorg-xmodmap
xorg-xpr
xorg-xprop
xorg-xrandr
xorg-xrdb
xorg-xrefresh
xorg-xset
xorg-xsetroot
xorg-xvinfo
xorg-xwd
xorg-xwininfo
xorg-xwud
yay-git
youtube-dl
zathura
zathura-djvu
zathura-pdf-poppler
zathura-ps
zip
zsh
